MPLINK 5.08, LINKER
Linker Map File - Created Fri Oct 27 18:05:44 2017

                                 Section Info
                  Section       Type    Address   Location Size(Bytes)
                ---------  ---------  ---------  ---------  ---------
                   .org_0       code   0x000000    program   0x000006
                   .cinit    romdata   0x000003    program   0x000004
                   .org_2       code   0x000030    program   0x000130
.config_2007_BUILD/DEFAULT/DEBUG/MAIN.O       code   0x002007    program   0x000002



                              Program Memory Usage 
                               Start         End      
                           ---------   ---------      
                            0x000000    0x000004      
                            0x000030    0x0000c7      
                            0x002007    0x002007      
            158 out of 1158 program addresses used, program memory utilization is 13%



                              Symbols - Sorted by Name
                     Name    Address   Location    Storage File                     
                ---------  ---------  ---------  --------- ---------                
                   INICIO   0x000030    program     static C:\projects\poli\arquitectura-de-computadores\TallerDivisionASM.X\main.asm
               LOOPINICIO   0x000031    program     static C:\projects\poli\arquitectura-de-computadores\TallerDivisionASM.X\main.asm
           fConfiguracion   0x000034    program     static C:\projects\poli\arquitectura-de-computadores\TallerDivisionASM.X\main.asm
               fDelay50ms   0x0000bd    program     static C:\projects\poli\arquitectura-de-computadores\TallerDivisionASM.X\main.asm
          fDivisionEntera   0x000096    program     static C:\projects\poli\arquitectura-de-computadores\TallerDivisionASM.X\main.asm
               fLeerDatos   0x000038    program     static C:\projects\poli\arquitectura-de-computadores\TallerDivisionASM.X\main.asm
        fMostrarResultado   0x00007d    program     static C:\projects\poli\arquitectura-de-computadores\TallerDivisionASM.X\main.asm
   fParpadearLEDResultado   0x00008f    program     static C:\projects\poli\arquitectura-de-computadores\TallerDivisionASM.X\main.asm
         lDivisionEnteraB   0x0000b5    program     static C:\projects\poli\arquitectura-de-computadores\TallerDivisionASM.X\main.asm
       lDivisionEnteraFin   0x0000b9    program     static C:\projects\poli\arquitectura-de-computadores\TallerDivisionASM.X\main.asm
    lDivisionEnteraInicio   0x0000a2    program     static C:\projects\poli\arquitectura-de-computadores\TallerDivisionASM.X\main.asm
    lDivisionEnteraReturn   0x0000bc    program     static C:\projects\poli\arquitectura-de-computadores\TallerDivisionASM.X\main.asm
     lDivisionEnteraWhile   0x00009e    program     static C:\projects\poli\arquitectura-de-computadores\TallerDivisionASM.X\main.asm
    lDivisionEnteraWhile2   0x0000ab    program     static C:\projects\poli\arquitectura-de-computadores\TallerDivisionASM.X\main.asm
lLeerDatoDecrementarContador   0x00005a    program     static C:\projects\poli\arquitectura-de-computadores\TallerDivisionASM.X\main.asm
lLeerDatosBotonEntradaNoPresiona   0x00007a    program     static C:\projects\poli\arquitectura-de-computadores\TallerDivisionASM.X\main.asm
lLeerDatosChequearContadorTermin   0x000072    program     static C:\projects\poli\arquitectura-de-computadores\TallerDivisionASM.X\main.asm
lLeerDatosIngresandoOperando2   0x00006f    program     static C:\projects\poli\arquitectura-de-computadores\TallerDivisionASM.X\main.asm
         lLeerDatosReturn   0x00007c    program     static C:\projects\poli\arquitectura-de-computadores\TallerDivisionASM.X\main.asm
          lLeerDatosWhile   0x000048    program     static C:\projects\poli\arquitectura-de-computadores\TallerDivisionASM.X\main.asm
                lLoop50ms   0x0000c1    program     static C:\projects\poli\arquitectura-de-computadores\TallerDivisionASM.X\main.asm
lMostrarResultadoClearWDT   0x000084    program     static C:\projects\poli\arquitectura-de-computadores\TallerDivisionASM.X\main.asm
 lMostrarResultadoFinLoop   0x000086    program     static C:\projects\poli\arquitectura-de-computadores\TallerDivisionASM.X\main.asm
  lMostrarResultadoReturn   0x00008e    program     static C:\projects\poli\arquitectura-de-computadores\TallerDivisionASM.X\main.asm



                              Symbols - Sorted by Address
                     Name    Address   Location    Storage File                     
                ---------  ---------  ---------  --------- ---------                
                   INICIO   0x000030    program     static C:\projects\poli\arquitectura-de-computadores\TallerDivisionASM.X\main.asm
               LOOPINICIO   0x000031    program     static C:\projects\poli\arquitectura-de-computadores\TallerDivisionASM.X\main.asm
           fConfiguracion   0x000034    program     static C:\projects\poli\arquitectura-de-computadores\TallerDivisionASM.X\main.asm
               fLeerDatos   0x000038    program     static C:\projects\poli\arquitectura-de-computadores\TallerDivisionASM.X\main.asm
          lLeerDatosWhile   0x000048    program     static C:\projects\poli\arquitectura-de-computadores\TallerDivisionASM.X\main.asm
lLeerDatoDecrementarContador   0x00005a    program     static C:\projects\poli\arquitectura-de-computadores\TallerDivisionASM.X\main.asm
lLeerDatosIngresandoOperando2   0x00006f    program     static C:\projects\poli\arquitectura-de-computadores\TallerDivisionASM.X\main.asm
lLeerDatosChequearContadorTermin   0x000072    program     static C:\projects\poli\arquitectura-de-computadores\TallerDivisionASM.X\main.asm
lLeerDatosBotonEntradaNoPresiona   0x00007a    program     static C:\projects\poli\arquitectura-de-computadores\TallerDivisionASM.X\main.asm
         lLeerDatosReturn   0x00007c    program     static C:\projects\poli\arquitectura-de-computadores\TallerDivisionASM.X\main.asm
        fMostrarResultado   0x00007d    program     static C:\projects\poli\arquitectura-de-computadores\TallerDivisionASM.X\main.asm
lMostrarResultadoClearWDT   0x000084    program     static C:\projects\poli\arquitectura-de-computadores\TallerDivisionASM.X\main.asm
 lMostrarResultadoFinLoop   0x000086    program     static C:\projects\poli\arquitectura-de-computadores\TallerDivisionASM.X\main.asm
  lMostrarResultadoReturn   0x00008e    program     static C:\projects\poli\arquitectura-de-computadores\TallerDivisionASM.X\main.asm
   fParpadearLEDResultado   0x00008f    program     static C:\projects\poli\arquitectura-de-computadores\TallerDivisionASM.X\main.asm
          fDivisionEntera   0x000096    program     static C:\projects\poli\arquitectura-de-computadores\TallerDivisionASM.X\main.asm
     lDivisionEnteraWhile   0x00009e    program     static C:\projects\poli\arquitectura-de-computadores\TallerDivisionASM.X\main.asm
    lDivisionEnteraInicio   0x0000a2    program     static C:\projects\poli\arquitectura-de-computadores\TallerDivisionASM.X\main.asm
    lDivisionEnteraWhile2   0x0000ab    program     static C:\projects\poli\arquitectura-de-computadores\TallerDivisionASM.X\main.asm
         lDivisionEnteraB   0x0000b5    program     static C:\projects\poli\arquitectura-de-computadores\TallerDivisionASM.X\main.asm
       lDivisionEnteraFin   0x0000b9    program     static C:\projects\poli\arquitectura-de-computadores\TallerDivisionASM.X\main.asm
    lDivisionEnteraReturn   0x0000bc    program     static C:\projects\poli\arquitectura-de-computadores\TallerDivisionASM.X\main.asm
               fDelay50ms   0x0000bd    program     static C:\projects\poli\arquitectura-de-computadores\TallerDivisionASM.X\main.asm
                lLoop50ms   0x0000c1    program     static C:\projects\poli\arquitectura-de-computadores\TallerDivisionASM.X\main.asm


