MPLINK 5.08, LINKER
Linker Map File - Created Fri Oct 27 16:41:31 2017

                                 Section Info
                  Section       Type    Address   Location Size(Bytes)
                ---------  ---------  ---------  ---------  ---------
                   .org_0       code   0x000000    program   0x000006
                   .org_1       code   0x000004    program   0x00011a
                   .cinit    romdata   0x000091    program   0x000004
.config_2007_BUILD/DEFAULT/PRODUCTION/MAIN.O       code   0x002007    program   0x000002



                              Program Memory Usage 
                               Start         End      
                           ---------   ---------      
                            0x000000    0x000002      
                            0x000004    0x000092      
                            0x002007    0x002007      
            147 out of 1158 program addresses used, program memory utilization is 12%



                              Symbols - Sorted by Name
                     Name    Address   Location    Storage File                     
                ---------  ---------  ---------  --------- ---------                
                   INICIO   0x000004    program     static C:\projects\poli\arquitectura-de-computadores\TallerDivisionASM.X\main.asm
           fConfiguracion   0x000008    program     static C:\projects\poli\arquitectura-de-computadores\TallerDivisionASM.X\main.asm
               fDelay50ms   0x000086    program     static C:\projects\poli\arquitectura-de-computadores\TallerDivisionASM.X\main.asm
          fDivisionEntera   0x00005f    program     static C:\projects\poli\arquitectura-de-computadores\TallerDivisionASM.X\main.asm
               fLeerDatos   0x00000c    program     static C:\projects\poli\arquitectura-de-computadores\TallerDivisionASM.X\main.asm
        fMostrarResultado   0x00004e    program     static C:\projects\poli\arquitectura-de-computadores\TallerDivisionASM.X\main.asm
   fParpadearLEDResultado   0x000058    program     static C:\projects\poli\arquitectura-de-computadores\TallerDivisionASM.X\main.asm
         lDivisionEnteraB   0x00007e    program     static C:\projects\poli\arquitectura-de-computadores\TallerDivisionASM.X\main.asm
       lDivisionEnteraFin   0x000082    program     static C:\projects\poli\arquitectura-de-computadores\TallerDivisionASM.X\main.asm
    lDivisionEnteraInicio   0x00006b    program     static C:\projects\poli\arquitectura-de-computadores\TallerDivisionASM.X\main.asm
    lDivisionEnteraReturn   0x000085    program     static C:\projects\poli\arquitectura-de-computadores\TallerDivisionASM.X\main.asm
     lDivisionEnteraWhile   0x000067    program     static C:\projects\poli\arquitectura-de-computadores\TallerDivisionASM.X\main.asm
    lDivisionEnteraWhile2   0x000074    program     static C:\projects\poli\arquitectura-de-computadores\TallerDivisionASM.X\main.asm
lLeerDatoDecrementarContador   0x00002b    program     static C:\projects\poli\arquitectura-de-computadores\TallerDivisionASM.X\main.asm
lLeerDatosBotonEntradaNoPresiona   0x00004b    program     static C:\projects\poli\arquitectura-de-computadores\TallerDivisionASM.X\main.asm
lLeerDatosChequearContadorTermin   0x000043    program     static C:\projects\poli\arquitectura-de-computadores\TallerDivisionASM.X\main.asm
lLeerDatosIngresandoOperando2   0x000040    program     static C:\projects\poli\arquitectura-de-computadores\TallerDivisionASM.X\main.asm
         lLeerDatosReturn   0x00004d    program     static C:\projects\poli\arquitectura-de-computadores\TallerDivisionASM.X\main.asm
          lLeerDatosWhile   0x000019    program     static C:\projects\poli\arquitectura-de-computadores\TallerDivisionASM.X\main.asm
                lLoop50ms   0x00008a    program     static C:\projects\poli\arquitectura-de-computadores\TallerDivisionASM.X\main.asm
lMostrarResultadoClearWDT   0x000051    program     static C:\projects\poli\arquitectura-de-computadores\TallerDivisionASM.X\main.asm
 lMostrarResultadoFinLoop   0x000053    program     static C:\projects\poli\arquitectura-de-computadores\TallerDivisionASM.X\main.asm



                              Symbols - Sorted by Address
                     Name    Address   Location    Storage File                     
                ---------  ---------  ---------  --------- ---------                
                   INICIO   0x000004    program     static C:\projects\poli\arquitectura-de-computadores\TallerDivisionASM.X\main.asm
           fConfiguracion   0x000008    program     static C:\projects\poli\arquitectura-de-computadores\TallerDivisionASM.X\main.asm
               fLeerDatos   0x00000c    program     static C:\projects\poli\arquitectura-de-computadores\TallerDivisionASM.X\main.asm
          lLeerDatosWhile   0x000019    program     static C:\projects\poli\arquitectura-de-computadores\TallerDivisionASM.X\main.asm
lLeerDatoDecrementarContador   0x00002b    program     static C:\projects\poli\arquitectura-de-computadores\TallerDivisionASM.X\main.asm
lLeerDatosIngresandoOperando2   0x000040    program     static C:\projects\poli\arquitectura-de-computadores\TallerDivisionASM.X\main.asm
lLeerDatosChequearContadorTermin   0x000043    program     static C:\projects\poli\arquitectura-de-computadores\TallerDivisionASM.X\main.asm
lLeerDatosBotonEntradaNoPresiona   0x00004b    program     static C:\projects\poli\arquitectura-de-computadores\TallerDivisionASM.X\main.asm
         lLeerDatosReturn   0x00004d    program     static C:\projects\poli\arquitectura-de-computadores\TallerDivisionASM.X\main.asm
        fMostrarResultado   0x00004e    program     static C:\projects\poli\arquitectura-de-computadores\TallerDivisionASM.X\main.asm
lMostrarResultadoClearWDT   0x000051    program     static C:\projects\poli\arquitectura-de-computadores\TallerDivisionASM.X\main.asm
 lMostrarResultadoFinLoop   0x000053    program     static C:\projects\poli\arquitectura-de-computadores\TallerDivisionASM.X\main.asm
   fParpadearLEDResultado   0x000058    program     static C:\projects\poli\arquitectura-de-computadores\TallerDivisionASM.X\main.asm
          fDivisionEntera   0x00005f    program     static C:\projects\poli\arquitectura-de-computadores\TallerDivisionASM.X\main.asm
     lDivisionEnteraWhile   0x000067    program     static C:\projects\poli\arquitectura-de-computadores\TallerDivisionASM.X\main.asm
    lDivisionEnteraInicio   0x00006b    program     static C:\projects\poli\arquitectura-de-computadores\TallerDivisionASM.X\main.asm
    lDivisionEnteraWhile2   0x000074    program     static C:\projects\poli\arquitectura-de-computadores\TallerDivisionASM.X\main.asm
         lDivisionEnteraB   0x00007e    program     static C:\projects\poli\arquitectura-de-computadores\TallerDivisionASM.X\main.asm
       lDivisionEnteraFin   0x000082    program     static C:\projects\poli\arquitectura-de-computadores\TallerDivisionASM.X\main.asm
    lDivisionEnteraReturn   0x000085    program     static C:\projects\poli\arquitectura-de-computadores\TallerDivisionASM.X\main.asm
               fDelay50ms   0x000086    program     static C:\projects\poli\arquitectura-de-computadores\TallerDivisionASM.X\main.asm
                lLoop50ms   0x00008a    program     static C:\projects\poli\arquitectura-de-computadores\TallerDivisionASM.X\main.asm


