MPLINK 5.08, LINKER
Linker Map File - Created Wed Oct 25 23:28:49 2017

                                 Section Info
                  Section       Type    Address   Location Size(Bytes)
                ---------  ---------  ---------  ---------  ---------
                   .org_0       code   0x000000    program   0x000006
                   .org_1       code   0x000004    program   0x000094
                   .cinit    romdata   0x00004e    program   0x000004
.config_2007_BUILD/DEFAULT/PRODUCTION/MAIN.O       code   0x002007    program   0x000002



                              Program Memory Usage 
                               Start         End      
                           ---------   ---------      
                            0x000000    0x000002      
                            0x000004    0x00004f      
                            0x002007    0x002007      
            80 out of 1158 program addresses used, program memory utilization is 6%



                              Symbols - Sorted by Name
                     Name    Address   Location    Storage File                     
                ---------  ---------  ---------  --------- ---------                
                   INICIO   0x000004    program     static C:\projects\poli\arquitectura-de-computadores\TallerDivisionASM.X\main.asm
           fConfiguracion   0x000008    program     static C:\projects\poli\arquitectura-de-computadores\TallerDivisionASM.X\main.asm
               fLeerDatos   0x00000c    program     static C:\projects\poli\arquitectura-de-computadores\TallerDivisionASM.X\main.asm
        fMostrarResultado   0x00004e    program     static C:\projects\poli\arquitectura-de-computadores\TallerDivisionASM.X\main.asm
lLeerDatoDecrementarContador   0x00002b    program     static C:\projects\poli\arquitectura-de-computadores\TallerDivisionASM.X\main.asm
lLeerDatosBotonEntradaNoPresiona   0x00004b    program     static C:\projects\poli\arquitectura-de-computadores\TallerDivisionASM.X\main.asm
lLeerDatosChequearContadorTermin   0x000043    program     static C:\projects\poli\arquitectura-de-computadores\TallerDivisionASM.X\main.asm
lLeerDatosIngresandoOperando2   0x000040    program     static C:\projects\poli\arquitectura-de-computadores\TallerDivisionASM.X\main.asm
         lLeerDatosReturn   0x00004d    program     static C:\projects\poli\arquitectura-de-computadores\TallerDivisionASM.X\main.asm
          lLeerDatosWhile   0x000019    program     static C:\projects\poli\arquitectura-de-computadores\TallerDivisionASM.X\main.asm



                              Symbols - Sorted by Address
                     Name    Address   Location    Storage File                     
                ---------  ---------  ---------  --------- ---------                
                   INICIO   0x000004    program     static C:\projects\poli\arquitectura-de-computadores\TallerDivisionASM.X\main.asm
           fConfiguracion   0x000008    program     static C:\projects\poli\arquitectura-de-computadores\TallerDivisionASM.X\main.asm
               fLeerDatos   0x00000c    program     static C:\projects\poli\arquitectura-de-computadores\TallerDivisionASM.X\main.asm
          lLeerDatosWhile   0x000019    program     static C:\projects\poli\arquitectura-de-computadores\TallerDivisionASM.X\main.asm
lLeerDatoDecrementarContador   0x00002b    program     static C:\projects\poli\arquitectura-de-computadores\TallerDivisionASM.X\main.asm
lLeerDatosIngresandoOperando2   0x000040    program     static C:\projects\poli\arquitectura-de-computadores\TallerDivisionASM.X\main.asm
lLeerDatosChequearContadorTermin   0x000043    program     static C:\projects\poli\arquitectura-de-computadores\TallerDivisionASM.X\main.asm
lLeerDatosBotonEntradaNoPresiona   0x00004b    program     static C:\projects\poli\arquitectura-de-computadores\TallerDivisionASM.X\main.asm
         lLeerDatosReturn   0x00004d    program     static C:\projects\poli\arquitectura-de-computadores\TallerDivisionASM.X\main.asm
        fMostrarResultado   0x00004e    program     static C:\projects\poli\arquitectura-de-computadores\TallerDivisionASM.X\main.asm


